[2026-04-05T09:04:07.782Z] [INFO] telegram_sent {"botName":"adminAlert"}
[2026-04-05T09:14:48.999Z] [INFO] telegram_sent {"botName":"adminAlert"}
[2026-04-05T09:14:51.521Z] [INFO] telegram_sent {"botName":"adminAlert"}
[2026-04-05T09:14:54.685Z] [INFO] telegram_sent {"botName":"adminAlert"}
[2026-04-05T09:14:55.292Z] [INFO] telegram_sent {"botName":"adminAlert"}
[2026-04-05T09:27:40.818Z] [INFO] request_submitted {"name":"Nitesh","requestType":"Instagram Prompt","email":"niteshh0x0@gmail.com","source":"contact_page_prompt_request","ip":"192.168.1.2"}
[2026-04-05T09:27:41.948Z] [INFO] telegram_sent {"botName":"request"}
[2026-04-05T09:54:02.199Z] [INFO] telegram_sent {"botName":"adminAlert"}
[2026-04-05T09:54:03.271Z] [INFO] telegram_sent {"botName":"adminAlert"}
[2026-04-05T09:54:15.737Z] [INFO] telegram_sent {"botName":"adminAlert"}
[2026-04-05T09:54:38.182Z] [INFO] telegram_sent {"botName":"adminAlert"}
[2026-04-05T09:54:52.333Z] [INFO] telegram_sent {"botName":"adminAlert"}
[2026-04-05T09:54:52.593Z] [INFO] admin_password_changed {"username":"admin","ip":"127.0.0.1","userAgent":"Mozilla/5.0 (Windows NT 10.0; Win64; x64) AppleWebKit/537.36 (KHTML, like Gecko) Chrome/146.0.0.0 Safari/537.36"}
[2026-04-05T09:57:12.743Z] [INFO] telegram_sent {"botName":"adminAlert"}
[2026-04-05T09:57:13.929Z] [INFO] telegram_sent {"botName":"adminAlert"}
[2026-04-05T09:57:25.882Z] [INFO] telegram_sent {"botName":"adminAlert"}
[2026-04-05T10:06:13.962Z] [INFO] telegram_sent {"botName":"adminAlert"}
[2026-04-05T10:06:23.989Z] [INFO] telegram_sent {"botName":"adminAlert"}
[2026-04-05T10:06:33.807Z] [INFO] telegram_sent {"botName":"adminAlert"}
[2026-04-05T10:06:34.564Z] [INFO] telegram_sent {"botName":"adminAlert"}
[2026-04-05T10:06:48.385Z] [INFO] telegram_sent {"botName":"adminAlert"}
[2026-04-05T10:08:09.501Z] [INFO] telegram_sent {"botName":"adminAlert"}
[2026-04-05T10:08:10.188Z] [INFO] telegram_sent {"botName":"adminAlert"}
[2026-04-05T10:08:53.843Z] [INFO] telegram_sent {"botName":"adminAlert"}
[2026-04-05T10:08:54.097Z] [INFO] admin_password_changed {"username":"admin","ip":"192.168.1.2","userAgent":"Mozilla/5.0 (Linux; Android 10; K) AppleWebKit/537.36 (KHTML, like Gecko) Chrome/138.0.0.0 Mobile Safari/537.36"}
[2026-04-05T10:14:04.509Z] [INFO] telegram_sent {"botName":"adminAlert"}
[2026-04-05T10:14:06.169Z] [INFO] telegram_sent {"botName":"adminAlert"}
[2026-04-05T10:14:11.819Z] [INFO] telegram_sent {"botName":"adminAlert"}
[2026-04-07T17:01:40.613Z] [INFO] telegram_sent {"botName":"adminAlert"}
[2026-04-07T17:02:07.795Z] [INFO] telegram_sent {"botName":"adminAlert"}
[2026-04-07T17:02:55.547Z] [INFO] telegram_sent {"botName":"adminAlert"}
[2026-04-07T17:02:56.482Z] [INFO] telegram_sent {"botName":"adminAlert"}
[2026-04-07T17:03:12.513Z] [INFO] telegram_sent {"botName":"adminAlert"}
[2026-04-07T17:03:35.948Z] [INFO] telegram_sent {"botName":"adminAlert"}
[2026-04-07T17:03:36.780Z] [INFO] telegram_sent {"botName":"adminAlert"}
[2026-04-07T17:15:26.332Z] [INFO] telegram_sent {"botName":"adminAlert"}
[2026-04-07T17:15:27.134Z] [INFO] telegram_sent {"botName":"adminAlert"}
[2026-04-07T17:58:42.766Z] [INFO] telegram_sent {"botName":"adminAlert"}
[2026-04-07T17:58:43.415Z] [INFO] telegram_sent {"botName":"adminAlert"}
[2026-04-12T09:36:45.519Z] [INFO] telegram_sent {"botName":"adminAlert"}
[2026-04-12T09:36:47.340Z] [INFO] telegram_sent {"botName":"adminAlert"}
[2026-04-12T10:23:14.097Z] [INFO] telegram_sent {"botName":"adminAlert"}
[2026-04-12T10:23:15.211Z] [INFO] telegram_sent {"botName":"adminAlert"}
[2026-04-24T18:30:00.851Z] [ERROR] telegram_failed {"botName":"adminAlert","error":"Bad Request: inline keyboard button URL 'http://localhost:3000/dashboard#category-insights' is invalid: Wrong HTTP URL"}
[2026-04-24T18:30:01.949Z] [INFO] nightly_trending_summary_sent {"generatedAt":"2026-04-24T18:30:00.085Z","promptCount":2}
[2026-04-26T11:57:52.179Z] [INFO] telegram_sent {"botName":"adminAlert"}
[2026-04-26T11:58:55.061Z] [INFO] telegram_sent {"botName":"adminAlert"}
[2026-04-26T11:59:04.946Z] [INFO] telegram_sent {"botName":"adminAlert"}
[2026-04-26T11:59:06.669Z] [INFO] telegram_sent {"botName":"adminAlert"}
[2026-04-26T11:59:17.342Z] [INFO] telegram_sent {"botName":"adminAlert"}
[2026-04-26T12:00:53.592Z] [INFO] telegram_sent {"botName":"adminAlert"}
[2026-04-26T12:00:54.825Z] [INFO] telegram_sent {"botName":"adminAlert"}
[2026-04-26T12:03:44.263Z] [INFO] activity_message_sent {"activityType":"business_inquiry","name":"anurag pachauri","email":"pachaurianurag32@gmail.com","source":"contact_page_user_message","ip":"2409:40d2:10b3:a7b:45f2:3562:f97a:43cc"}
[2026-04-26T12:03:45.295Z] [INFO] telegram_sent {"botName":"adminAlert"}
[2026-04-29T17:28:04.181Z] [INFO] telegram_sent {"botName":"adminAlert"}
[2026-04-29T17:28:05.530Z] [INFO] telegram_sent {"botName":"adminAlert"}
[2026-04-29T17:28:43.767Z] [INFO] telegram_sent {"botName":"adminAlert"}
[2026-04-29T17:28:44.445Z] [INFO] telegram_sent {"botName":"adminAlert"}
[2026-04-29T17:32:52.855Z] [INFO] telegram_sent {"botName":"adminAlert"}
[2026-04-29T17:32:54.044Z] [INFO] telegram_sent {"botName":"adminAlert"}
[2026-04-29T17:33:06.335Z] [INFO] telegram_sent {"botName":"adminAlert"}
[2026-05-01T13:17:57.304Z] [ERROR] api_error {"message":"ENOENT: no such file or directory, stat 'D:\\Nitesh chaurasiya\\Nitesh coding\\projects\\prompza\\frontend\\pages\\image.html'","statusCode":404,"path":"/image","method":"GET","ip":"127.0.0.1"}
[2026-05-01T13:17:59.111Z] [ERROR] api_error {"message":"ENOENT: no such file or directory, stat 'D:\\Nitesh chaurasiya\\Nitesh coding\\projects\\prompza\\frontend\\pages\\image.html'","statusCode":404,"path":"/image","method":"GET","ip":"127.0.0.1"}
[2026-05-01T13:17:59.604Z] [ERROR] api_error {"message":"ENOENT: no such file or directory, stat 'D:\\Nitesh chaurasiya\\Nitesh coding\\projects\\prompza\\frontend\\pages\\image.html'","statusCode":404,"path":"/image","method":"GET","ip":"127.0.0.1"}
[2026-05-01T13:17:59.791Z] [ERROR] api_error {"message":"ENOENT: no such file or directory, stat 'D:\\Nitesh chaurasiya\\Nitesh coding\\projects\\prompza\\frontend\\pages\\image.html'","statusCode":404,"path":"/image","method":"GET","ip":"127.0.0.1"}
[2026-05-01T13:18:03.666Z] [ERROR] api_error {"message":"ENOENT: no such file or directory, stat 'D:\\Nitesh chaurasiya\\Nitesh coding\\projects\\prompza\\frontend\\pages\\image.html'","statusCode":404,"path":"/image","method":"GET","ip":"127.0.0.1"}
[2026-05-01T13:20:12.366Z] [INFO] telegram_sent {"botName":"adminAlert"}
[2026-05-01T13:20:13.126Z] [INFO] telegram_sent {"botName":"adminAlert"}
[2026-05-01T13:20:30.582Z] [INFO] telegram_sent {"botName":"adminAlert"}
[2026-05-01T13:20:31.215Z] [INFO] telegram_sent {"botName":"adminAlert"}
[2026-05-01T13:39:52.864Z] [INFO] telegram_sent {"botName":"adminAlert"}
[2026-05-01T13:39:53.888Z] [INFO] telegram_sent {"botName":"adminAlert"}
[2026-05-01T15:26:53.905Z] [INFO] telegram_sent {"botName":"adminAlert"}
[2026-05-01T15:26:54.649Z] [INFO] telegram_sent {"botName":"adminAlert"}
[2026-05-01T15:27:42.067Z] [INFO] telegram_sent {"botName":"adminAlert"}
[2026-05-01T15:27:42.913Z] [INFO] telegram_sent {"botName":"adminAlert"}
[2026-05-01T15:49:20.384Z] [INFO] telegram_sent {"botName":"adminAlert"}
[2026-05-01T15:49:21.000Z] [INFO] telegram_sent {"botName":"adminAlert"}
[2026-05-01T15:49:41.752Z] [INFO] telegram_sent {"botName":"adminAlert"}
[2026-05-01T15:49:42.378Z] [INFO] telegram_sent {"botName":"adminAlert"}
[2026-05-01T15:50:20.295Z] [INFO] telegram_sent {"botName":"adminAlert"}
[2026-05-01T15:50:21.001Z] [INFO] telegram_sent {"botName":"adminAlert"}
[2026-05-01T15:51:07.174Z] [INFO] telegram_sent {"botName":"adminAlert"}
[2026-05-01T15:51:45.070Z] [INFO] telegram_sent {"botName":"adminAlert"}
[2026-05-01T15:51:45.702Z] [INFO] telegram_sent {"botName":"adminAlert"}
[2026-05-01T15:52:30.781Z] [INFO] activity_message_sent {"activityType":"support_message","name":"ntiit","email":"zomsdfjkl@sammfd.cocam","source":"contact_page_user_message","ip":"127.0.0.1"}
[2026-05-01T15:52:32.396Z] [INFO] telegram_sent {"botName":"activity"}
[2026-05-01T15:53:35.647Z] [INFO] telegram_sent {"botName":"adminAlert"}
[2026-05-01T15:53:36.287Z] [INFO] telegram_sent {"botName":"adminAlert"}
[2026-05-01T15:53:57.770Z] [INFO] telegram_sent {"botName":"adminAlert"}
[2026-05-01T15:53:58.419Z] [INFO] telegram_sent {"botName":"adminAlert"}
[2026-05-01T15:54:00.025Z] [INFO] telegram_sent {"botName":"adminAlert"}
[2026-05-01T15:54:00.705Z] [INFO] telegram_sent {"botName":"adminAlert"}
[2026-05-01T15:54:02.193Z] [INFO] telegram_sent {"botName":"adminAlert"}
[2026-05-01T15:54:02.843Z] [INFO] telegram_sent {"botName":"adminAlert"}
[2026-05-01T15:54:05.903Z] [INFO] telegram_sent {"botName":"adminAlert"}
[2026-05-01T15:54:06.599Z] [INFO] telegram_sent {"botName":"adminAlert"}
[2026-05-01T15:54:08.125Z] [INFO] telegram_sent {"botName":"adminAlert"}
[2026-05-01T15:54:08.793Z] [INFO] telegram_sent {"botName":"adminAlert"}
[2026-05-01T15:54:09.984Z] [INFO] telegram_sent {"botName":"adminAlert"}
[2026-05-01T15:54:10.633Z] [INFO] telegram_sent {"botName":"adminAlert"}
[2026-05-01T15:54:13.965Z] [INFO] telegram_sent {"botName":"adminAlert"}
[2026-05-01T15:54:14.611Z] [INFO] telegram_sent {"botName":"adminAlert"}
[2026-05-01T15:54:16.043Z] [INFO] telegram_sent {"botName":"adminAlert"}
[2026-05-01T15:54:16.693Z] [INFO] telegram_sent {"botName":"adminAlert"}
[2026-05-01T15:54:19.192Z] [INFO] telegram_sent {"botName":"adminAlert"}
[2026-05-01T15:54:19.845Z] [INFO] telegram_sent {"botName":"adminAlert"}
[2026-05-01T15:54:22.913Z] [INFO] telegram_sent {"botName":"adminAlert"}
[2026-05-01T15:54:23.624Z] [INFO] telegram_sent {"botName":"adminAlert"}
[2026-05-01T15:54:25.379Z] [INFO] telegram_sent {"botName":"adminAlert"}
[2026-05-01T15:54:26.065Z] [INFO] telegram_sent {"botName":"adminAlert"}
[2026-05-01T15:54:27.592Z] [INFO] telegram_sent {"botName":"adminAlert"}
[2026-05-01T15:54:28.235Z] [INFO] telegram_sent {"botName":"adminAlert"}
[2026-05-01T15:54:29.965Z] [INFO] telegram_sent {"botName":"adminAlert"}
[2026-05-01T15:54:30.589Z] [INFO] telegram_sent {"botName":"adminAlert"}
[2026-05-01T16:01:35.338Z] [INFO] telegram_sent {"botName":"adminAlert"}
[2026-05-01T16:01:36.058Z] [INFO] telegram_sent {"botName":"adminAlert"}
[2026-05-01T16:35:02.548Z] [INFO] telegram_sent {"botName":"adminAlert"}
[2026-05-01T16:35:03.614Z] [INFO] telegram_sent {"botName":"adminAlert"}
[2026-05-01T16:35:26.360Z] [INFO] telegram_sent {"botName":"adminAlert"}
[2026-05-03T14:20:29.860Z] [INFO] telegram_sent {"botName":"adminAlert"}
[2026-05-03T14:20:31.104Z] [INFO] telegram_sent {"botName":"adminAlert"}
[2026-05-03T14:39:35.855Z] [INFO] telegram_sent {"botName":"adminAlert"}
[2026-05-03T14:39:36.540Z] [INFO] telegram_sent {"botName":"adminAlert"}
[2026-05-03T14:41:12.577Z] [INFO] telegram_sent {"botName":"adminAlert"}
[2026-05-03T14:41:12.715Z] [INFO] prompt_deleted {"promptId":"69d204ea30eca9abccf7576a","title":"viral craft reel prompt","source":"text_prompts"}
[2026-05-03T14:41:13.329Z] [INFO] telegram_sent {"botName":"adminAlert"}
[2026-05-03T14:44:36.319Z] [INFO] telegram_sent {"botName":"adminAlert"}
[2026-05-03T14:44:36.970Z] [INFO] telegram_sent {"botName":"adminAlert"}
[2026-05-03T14:44:45.874Z] [INFO] telegram_sent {"botName":"adminAlert"}
[2026-05-03T14:45:02.791Z] [INFO] telegram_sent {"botName":"adminAlert"}
[2026-05-03T14:45:03.476Z] [INFO] telegram_sent {"botName":"adminAlert"}
[2026-05-03T14:45:06.188Z] [INFO] telegram_sent {"botName":"adminAlert"}
[2026-05-03T14:47:58.374Z] [INFO] activity_message_sent {"activityType":"user_message","name":"Nitesh","email":"super@jdsfalh.com","source":"contact_page_user_message","ip":"127.0.0.1"}
[2026-05-03T14:47:59.941Z] [INFO] telegram_sent {"botName":"request"}
[2026-05-03T14:51:07.058Z] [INFO] telegram_sent {"botName":"adminAlert"}
[2026-05-03T14:51:07.909Z] [INFO] telegram_sent {"botName":"adminAlert"}
[2026-05-03T15:10:45.311Z] [INFO] telegram_sent {"botName":"adminAlert"}
[2026-05-03T15:10:46.036Z] [INFO] telegram_sent {"botName":"adminAlert"}
[2026-05-03T15:11:01.587Z] [INFO] telegram_sent {"botName":"adminAlert"}
[2026-05-03T15:11:02.284Z] [INFO] telegram_sent {"botName":"adminAlert"}
[2026-05-03T15:12:02.739Z] [INFO] telegram_sent {"botName":"adminAlert"}
[2026-05-03T15:12:03.750Z] [INFO] telegram_sent {"botName":"adminAlert"}
[2026-05-03T15:12:10.575Z] [INFO] telegram_sent {"botName":"adminAlert"}
[2026-05-03T15:12:11.224Z] [INFO] telegram_sent {"botName":"adminAlert"}
[2026-05-03T15:12:32.978Z] [INFO] telegram_sent {"botName":"adminAlert"}
[2026-05-03T15:12:33.660Z] [INFO] telegram_sent {"botName":"adminAlert"}
[2026-05-03T15:12:35.435Z] [INFO] telegram_sent {"botName":"adminAlert"}
[2026-05-03T15:12:36.147Z] [INFO] telegram_sent {"botName":"adminAlert"}
[2026-05-03T15:13:23.607Z] [INFO] telegram_sent {"botName":"adminAlert"}
[2026-05-03T15:13:24.293Z] [INFO] telegram_sent {"botName":"adminAlert"}
[2026-05-03T15:13:41.461Z] [INFO] telegram_sent {"botName":"adminAlert"}
[2026-05-03T15:13:42.196Z] [INFO] telegram_sent {"botName":"adminAlert"}
[2026-05-03T15:14:00.729Z] [INFO] telegram_sent {"botName":"adminAlert"}
[2026-05-03T15:14:01.805Z] [INFO] telegram_sent {"botName":"adminAlert"}
[2026-05-03T15:14:09.676Z] [INFO] telegram_sent {"botName":"adminAlert"}
[2026-05-03T15:14:45.970Z] [INFO] telegram_sent {"botName":"adminAlert"}
[2026-05-03T15:14:47.168Z] [INFO] telegram_sent {"botName":"adminAlert"}
[2026-05-03T15:16:05.564Z] [INFO] telegram_sent {"botName":"adminAlert"}
[2026-05-03T15:16:06.560Z] [INFO] telegram_sent {"botName":"adminAlert"}
[2026-05-03T15:16:32.305Z] [INFO] telegram_sent {"botName":"adminAlert"}
[2026-05-03T15:17:49.861Z] [INFO] telegram_sent {"botName":"adminAlert"}
